// Jest Snapshot v1, https://goo.gl/fbAQLP

exports[`Main Should render correctly 1`] = `
<div>
  <h1
    class="sc-bdVaJa khUSez"
  >
    Welcome
  </h1>
</div>
`;
